Archive member included to satisfy reference by file (symbol)

../printing_bsp/\libhal_bsp.a(alt_load.o)
                              ../printing_bsp//obj/HAL/src/crt0.o (alt_load)
../printing_bsp/\libhal_bsp.a(alt_main.o)
                              ../printing_bsp//obj/HAL/src/crt0.o (alt_main)
../printing_bsp/\libhal_bsp.a(alt_putstr.o)
                              obj/default/hello_world_small.o (alt_putstr)
../printing_bsp/\libhal_bsp.a(alt_sys_init.o)
                              ../printing_bsp/\libhal_bsp.a(alt_main.o) (alt_irq_init)
../printing_bsp/\libhal_bsp.a(altera_avalon_i2c.o)
                              ../printing_bsp/\libhal_bsp.a(alt_sys_init.o) (alt_avalon_i2c_init)
../printing_bsp/\libhal_bsp.a(altera_avalon_jtag_uart_write.o)
                              ../printing_bsp/\libhal_bsp.a(alt_putstr.o) (altera_avalon_jtag_uart_write)
../printing_bsp/\libhal_bsp.a(altera_vic_0_vector_tbl.o)
                              ../printing_bsp/\libhal_bsp.a(alt_sys_init.o) (VIC_0_VECTOR_TABLE)
../printing_bsp/\libhal_bsp.a(altera_vic_funnel_non_preemptive.o)
                              ../printing_bsp/\libhal_bsp.a(altera_vic_0_vector_tbl.o) (alt_shadow_non_preemptive_interrupt)
../printing_bsp/\libhal_bsp.a(altera_vic_irq_init.o)
                              ../printing_bsp/\libhal_bsp.a(alt_sys_init.o) (alt_vic_irq_init)
../printing_bsp/\libhal_bsp.a(altera_vic_isr_register.o)
                              ../printing_bsp/\libhal_bsp.a(altera_avalon_i2c.o) (alt_ic_isr_register)
../printing_bsp/\libhal_bsp.a(alt_busy_sleep.o)
                              ../printing_bsp/\libhal_bsp.a(altera_avalon_i2c.o) (alt_busy_sleep)
../printing_bsp/\libhal_bsp.a(alt_dcache_flush_all.o)
                              ../printing_bsp/\libhal_bsp.a(alt_load.o) (alt_dcache_flush_all)
../printing_bsp/\libhal_bsp.a(alt_dev_llist_insert.o)
                              ../printing_bsp/\libhal_bsp.a(altera_avalon_i2c.o) (alt_dev_llist_insert)
../printing_bsp/\libhal_bsp.a(alt_errno.o)
                              ../printing_bsp/\libhal_bsp.a(alt_dev_llist_insert.o) (alt_errno)
../printing_bsp/\libhal_bsp.a(alt_find_dev.o)
                              ../printing_bsp/\libhal_bsp.a(altera_avalon_i2c.o) (alt_find_dev)
../printing_bsp/\libhal_bsp.a(alt_icache_flush_all.o)
                              ../printing_bsp/\libhal_bsp.a(alt_load.o) (alt_icache_flush_all)
../printing_bsp/\libhal_bsp.a(alt_icache_flush.o)
                              ../printing_bsp/\libhal_bsp.a(alt_icache_flush_all.o) (alt_icache_flush)
d:/intelfpga_lite/18.1/nios2eds/bin/gnu/h-x86_64-mingw32/bin/../lib/gcc/nios2-elf/5.3.0/../../../../../H-x86_64-mingw32/nios2-elf/lib\libsmallc.a(lib_a-int_errno.o)
                              ../printing_bsp/\libhal_bsp.a(alt_dev_llist_insert.o) (errno)
d:/intelfpga_lite/18.1/nios2eds/bin/gnu/h-x86_64-mingw32/bin/../lib/gcc/nios2-elf/5.3.0/../../../../../H-x86_64-mingw32/nios2-elf/lib\libsmallc.a(lib_a-memcmp.o)
                              ../printing_bsp/\libhal_bsp.a(alt_find_dev.o) (memcmp)
d:/intelfpga_lite/18.1/nios2eds/bin/gnu/h-x86_64-mingw32/bin/../lib/gcc/nios2-elf/5.3.0/../../../../../H-x86_64-mingw32/nios2-elf/lib\libsmallc.a(lib_a-strlen.o)
                              ../printing_bsp/\libhal_bsp.a(alt_putstr.o) (strlen)
d:/intelfpga_lite/18.1/nios2eds/bin/gnu/h-x86_64-mingw32/bin/../lib/gcc/nios2-elf/5.3.0\libgcc.a(lib2-divmod.o)
                              ../printing_bsp/\libhal_bsp.a(altera_avalon_i2c.o) (__udivsi3)

Allocating common symbols
Common symbol       size              file

errno               0x4               d:/intelfpga_lite/18.1/nios2eds/bin/gnu/h-x86_64-mingw32/bin/../lib/gcc/nios2-elf/5.3.0/../../../../../H-x86_64-mingw32/nios2-elf/lib\libsmallc.a(lib_a-int_errno.o)
alt_vic_dev_list    0x4               ../printing_bsp/\libhal_bsp.a(altera_vic_irq_init.o)

Memory Configuration

Name             Origin             Length             Attributes
reset            0x0000000000010000 0x0000000000000020
onchip_memory    0x0000000000010020 0x000000000000ffe0
*default*        0x0000000000000000 0xffffffffffffffff

Linker script and memory map

LOAD ../printing_bsp//obj/HAL/src/crt0.o
LOAD obj/default/hello_world_small.o
LOAD d:/intelfpga_lite/18.1/nios2eds/bin/gnu/h-x86_64-mingw32/bin/../lib/gcc/nios2-elf/5.3.0/../../../../../H-x86_64-mingw32/nios2-elf/lib\libstdc++.a
LOAD d:/intelfpga_lite/18.1/nios2eds/bin/gnu/h-x86_64-mingw32/bin/../lib/gcc/nios2-elf/5.3.0/../../../../../H-x86_64-mingw32/nios2-elf/lib\libm.a
LOAD d:/intelfpga_lite/18.1/nios2eds/bin/gnu/h-x86_64-mingw32/bin/../lib/gcc/nios2-elf/5.3.0\libgcc.a
START GROUP
LOAD d:/intelfpga_lite/18.1/nios2eds/bin/gnu/h-x86_64-mingw32/bin/../lib/gcc/nios2-elf/5.3.0/../../../../../H-x86_64-mingw32/nios2-elf/lib\libsmallc.a
LOAD d:/intelfpga_lite/18.1/nios2eds/bin/gnu/h-x86_64-mingw32/bin/../lib/gcc/nios2-elf/5.3.0\libgcc.a
LOAD ../printing_bsp/\libhal_bsp.a
LOAD d:/intelfpga_lite/18.1/nios2eds/bin/gnu/h-x86_64-mingw32/bin/../lib/gcc/nios2-elf/5.3.0/../../../../../H-x86_64-mingw32/nios2-elf/lib\libm.a
END GROUP
LOAD d:/intelfpga_lite/18.1/nios2eds/bin/gnu/h-x86_64-mingw32/bin/../lib/gcc/nios2-elf/5.3.0\libgcc.a
                0x0000000000010000                __alt_mem_onchip_memory = 0x10000

.entry          0x0000000000010000       0x20
 *(.entry)
 .entry         0x0000000000010000       0x20 ../printing_bsp//obj/HAL/src/crt0.o
                0x0000000000010000                __reset
                0x000000000001001c                _exit

.exceptions     0x0000000000010020        0x0
                0x0000000000010020                PROVIDE (__ram_exceptions_start, ABSOLUTE (.))
                0x0000000000010020                . = ALIGN (0x20)
 *(.irq)
 *(.exceptions.entry.label)
 *(.exceptions.entry.user)
 *(.exceptions.entry.ecc_fatal)
 *(.exceptions.entry)
 *(.exceptions.irqtest.user)
 *(.exceptions.irqtest)
 *(.exceptions.irqhandler.user)
 *(.exceptions.irqhandler)
 *(.exceptions.irqreturn.user)
 *(.exceptions.irqreturn)
 *(.exceptions.notirq.label)
 *(.exceptions.notirq.user)
 *(.exceptions.notirq)
 *(.exceptions.soft.user)
 *(.exceptions.soft)
 *(.exceptions.unknown.user)
 *(.exceptions.unknown)
 *(.exceptions.exit.label)
 *(.exceptions.exit.user)
 *(.exceptions.exit)
 *(.exceptions)
                0x0000000000010020                PROVIDE (__ram_exceptions_end, ABSOLUTE (.))
                0x0000000000010020                PROVIDE (__flash_exceptions_start, LOADADDR (.exceptions))

.text           0x0000000000010020     0x1900
                [!provide]                        PROVIDE (stext, ABSOLUTE (.))
 *(.interp)
 *(.hash)
 *(.dynsym)
 *(.dynstr)
 *(.gnu.version)
 *(.gnu.version_d)
 *(.gnu.version_r)
 *(.rel.init)
 *(.rela.init)
 *(.rel.text .rel.text.* .rel.gnu.linkonce.t.*)
 *(.rela.text .rela.text.* .rela.gnu.linkonce.t.*)
 *(.rel.fini)
 *(.rela.fini)
 *(.rel.rodata .rel.rodata.* .rel.gnu.linkonce.r.*)
 *(.rela.rodata .rela.rodata.* .rela.gnu.linkonce.r.*)
 *(.rel.data .rel.data.* .rel.gnu.linkonce.d.*)
 *(.rela.data .rela.data.* .rela.gnu.linkonce.d.*)
 *(.rel.tdata .rel.tdata.* .rel.gnu.linkonce.td.*)
 *(.rela.tdata .rela.tdata.* .rela.gnu.linkonce.td.*)
 *(.rel.tbss .rel.tbss.* .rel.gnu.linkonce.tb.*)
 *(.rela.tbss .rela.tbss.* .rela.gnu.linkonce.tb.*)
 *(.rel.ctors)
 *(.rela.ctors)
 *(.rel.dtors)
 *(.rela.dtors)
 *(.rel.got)
 *(.rela.got)
 *(.rel.sdata .rel.sdata.* .rel.gnu.linkonce.s.*)
 *(.rela.sdata .rela.sdata.* .rela.gnu.linkonce.s.*)
 *(.rel.sbss .rel.sbss.* .rel.gnu.linkonce.sb.*)
 *(.rela.sbss .rela.sbss.* .rela.gnu.linkonce.sb.*)
 *(.rel.sdata2 .rel.sdata2.* .rel.gnu.linkonce.s2.*)
 *(.rela.sdata2 .rela.sdata2.* .rela.gnu.linkonce.s2.*)
 *(.rel.sbss2 .rel.sbss2.* .rel.gnu.linkonce.sb2.*)
 *(.rela.sbss2 .rela.sbss2.* .rela.gnu.linkonce.sb2.*)
 *(.rel.bss .rel.bss.* .rel.gnu.linkonce.b.*)
 *(.rela.bss .rela.bss.* .rela.gnu.linkonce.b.*)
 *(.rel.plt)
 *(.rela.plt)
 *(.rel.dyn)
 *(.init)
 *(.plt)
 *(.text .stub .text.* .gnu.linkonce.t.*)
 .text          0x0000000000010020       0x8c ../printing_bsp//obj/HAL/src/crt0.o
                0x0000000000010020                _start
 .text          0x00000000000100ac        0x0 obj/default/hello_world_small.o
 .text.startup  0x00000000000100ac       0x18 obj/default/hello_world_small.o
                0x00000000000100ac                main
 .text          0x00000000000100c4       0xe0 ../printing_bsp/\libhal_bsp.a(alt_load.o)
                0x00000000000100c4                alt_load
 .text          0x00000000000101a4       0x2c ../printing_bsp/\libhal_bsp.a(alt_main.o)
                0x00000000000101a4                alt_main
 .text          0x00000000000101d0       0x38 ../printing_bsp/\libhal_bsp.a(alt_putstr.o)
                0x00000000000101d0                alt_putstr
 .text          0x0000000000010208       0x38 ../printing_bsp/\libhal_bsp.a(alt_sys_init.o)
                0x0000000000010208                alt_irq_init
                0x0000000000010234                alt_sys_init
 .text          0x0000000000010240     0x1138 ../printing_bsp/\libhal_bsp.a(altera_avalon_i2c.o)
                0x0000000000010240                alt_avalon_i2c_register_optional_irq_handler
                0x000000000001025c                alt_avalon_i2c_register_callback
                0x000000000001026c                alt_avalon_i2c_open
                0x0000000000010274                alt_avalon_i2c_enable
                0x00000000000102bc                alt_avalon_i2c_disable
                0x00000000000102d8                alt_avalon_i2c_master_config_get
                0x000000000001031c                alt_avalon_i2c_master_config_set
                0x0000000000010374                alt_avalon_i2c_master_config_speed_get
                0x00000000000103c0                alt_avalon_i2c_master_config_speed_set
                0x000000000001044c                alt_avalon_i2c_is_busy
                0x000000000001045c                alt_avalon_i2c_rx_read_available
                0x0000000000010494                alt_avalon_i2c_rx_read
                0x0000000000010514                alt_avalon_i2c_master_target_get
                0x0000000000010520                alt_avalon_i2c_master_target_set
                0x0000000000010528                alt_avalon_i2c_check_nack
                0x0000000000010544                alt_avalon_i2c_check_arblost
                0x0000000000010560                alt_avalon_i2c_cmd_write
                0x0000000000010628                alt_avalon_i2c_send_address
                0x00000000000106a0                alt_avalon_i2c_master_transmit
                0x00000000000107d8                alt_avalon_i2c_master_receive
                0x0000000000010980                alt_avalon_i2c_int_status_get
                0x0000000000010998                alt_avalon_i2c_int_raw_status_get
                0x00000000000109a8                alt_avalon_i2c_int_clear
                0x00000000000109b4                alt_avalon_i2c_enabled_ints_get
                0x00000000000109c8                alt_avalon_i2c_int_disable
                0x0000000000010a8c                alt_avalon_i2c_int_enable
                0x0000000000010b8c                alt_avalon_i2c_interrupt_transaction_status
                0x0000000000010c70                alt_avalon_i2c_rx_fifo_threshold_get
                0x0000000000010c88                alt_avalon_i2c_rx_fifo_threshold_set
                0x0000000000010cb0                alt_avalon_i2c_master_receive_using_interrupts
                0x0000000000010e30                alt_avalon_i2c_master_rx
                0x0000000000010f18                alt_avalon_i2c_tfr_cmd_fifo_threshold_get
                0x0000000000010f30                alt_avalon_i2c_tfr_cmd_fifo_threshold_set
                0x0000000000010f5c                alt_avalon_i2c_init
                0x000000000001100c                alt_avalon_i2c_master_transmit_using_interrupts
                0x000000000001117c                alt_avalon_i2c_master_tx
                0x0000000000011240                alt_avalon_i2c_master_tx_rx
 .text          0x0000000000011378       0x34 ../printing_bsp/\libhal_bsp.a(altera_avalon_jtag_uart_write.o)
                0x0000000000011378                altera_avalon_jtag_uart_write
 .text          0x00000000000113ac       0x80 ../printing_bsp/\libhal_bsp.a(altera_vic_0_vector_tbl.o)
                0x00000000000113ac                VIC_0_VECTOR_TABLE
 .text          0x000000000001142c       0x18 ../printing_bsp/\libhal_bsp.a(altera_vic_funnel_non_preemptive.o)
                0x000000000001142c                alt_shadow_non_preemptive_interrupt
 .text          0x0000000000011444       0xb0 ../printing_bsp/\libhal_bsp.a(altera_vic_irq_init.o)
                0x0000000000011444                alt_vic_irq_init
 .text          0x00000000000114f4       0x78 ../printing_bsp/\libhal_bsp.a(altera_vic_isr_register.o)
                0x00000000000114f4                alt_ic_isr_register
 .text          0x000000000001156c       0x78 ../printing_bsp/\libhal_bsp.a(alt_busy_sleep.o)
                0x000000000001156c                alt_busy_sleep
 .text          0x00000000000115e4       0x18 ../printing_bsp/\libhal_bsp.a(alt_dcache_flush_all.o)
                0x00000000000115e4                alt_dcache_flush_all
 .text          0x00000000000115fc       0x6c ../printing_bsp/\libhal_bsp.a(alt_dev_llist_insert.o)
                0x00000000000115fc                alt_dev_llist_insert
 .text          0x0000000000011668        0x0 ../printing_bsp/\libhal_bsp.a(alt_errno.o)
 .text          0x0000000000011668       0x74 ../printing_bsp/\libhal_bsp.a(alt_find_dev.o)
                0x0000000000011668                alt_find_dev
 .text          0x00000000000116dc        0xc ../printing_bsp/\libhal_bsp.a(alt_icache_flush_all.o)
                0x00000000000116dc                alt_icache_flush_all
 .text          0x00000000000116e8       0x38 ../printing_bsp/\libhal_bsp.a(alt_icache_flush.o)
                0x00000000000116e8                alt_icache_flush
 .text          0x0000000000011720        0x0 d:/intelfpga_lite/18.1/nios2eds/bin/gnu/h-x86_64-mingw32/bin/../lib/gcc/nios2-elf/5.3.0/../../../../../H-x86_64-mingw32/nios2-elf/lib\libsmallc.a(lib_a-int_errno.o)
 .text          0x0000000000011720        0x0 d:/intelfpga_lite/18.1/nios2eds/bin/gnu/h-x86_64-mingw32/bin/../lib/gcc/nios2-elf/5.3.0/../../../../../H-x86_64-mingw32/nios2-elf/lib\libsmallc.a(lib_a-memcmp.o)
 .text.memcmp   0x0000000000011720       0x30 d:/intelfpga_lite/18.1/nios2eds/bin/gnu/h-x86_64-mingw32/bin/../lib/gcc/nios2-elf/5.3.0/../../../../../H-x86_64-mingw32/nios2-elf/lib\libsmallc.a(lib_a-memcmp.o)
                0x0000000000011720                memcmp
 .text          0x0000000000011750        0x0 d:/intelfpga_lite/18.1/nios2eds/bin/gnu/h-x86_64-mingw32/bin/../lib/gcc/nios2-elf/5.3.0/../../../../../H-x86_64-mingw32/nios2-elf/lib\libsmallc.a(lib_a-strlen.o)
 .text.strlen   0x0000000000011750       0x1c d:/intelfpga_lite/18.1/nios2eds/bin/gnu/h-x86_64-mingw32/bin/../lib/gcc/nios2-elf/5.3.0/../../../../../H-x86_64-mingw32/nios2-elf/lib\libsmallc.a(lib_a-strlen.o)
                0x0000000000011750                strlen
 .text          0x000000000001176c      0x1b4 d:/intelfpga_lite/18.1/nios2eds/bin/gnu/h-x86_64-mingw32/bin/../lib/gcc/nios2-elf/5.3.0\libgcc.a(lib2-divmod.o)
                0x000000000001176c                __divsi3
                0x00000000000117f0                __modsi3
                0x0000000000011864                __udivsi3
                0x00000000000118c8                __umodsi3
 *(.gnu.warning.*)
 *(.fini)
                [!provide]                        PROVIDE (__etext, ABSOLUTE (.))
                [!provide]                        PROVIDE (_etext, ABSOLUTE (.))
                [!provide]                        PROVIDE (etext, ABSOLUTE (.))
 *(.eh_frame_hdr)
                0x0000000000011920                . = ALIGN (0x4)
                [!provide]                        PROVIDE (__preinit_array_start, ABSOLUTE (.))
 *(.preinit_array)
                [!provide]                        PROVIDE (__preinit_array_end, ABSOLUTE (.))
                [!provide]                        PROVIDE (__init_array_start, ABSOLUTE (.))
 *(.init_array)
                [!provide]                        PROVIDE (__init_array_end, ABSOLUTE (.))
                [!provide]                        PROVIDE (__fini_array_start, ABSOLUTE (.))
 *(.fini_array)
                [!provide]                        PROVIDE (__fini_array_end, ABSOLUTE (.))
 *(.eh_frame)
 *(.gcc_except_table .gcc_except_table.*)
 *(.dynamic)
                [!provide]                        PROVIDE (__CTOR_LIST__, ABSOLUTE (.))
 *(.ctors)
 *(SORT(.ctors.*))
                [!provide]                        PROVIDE (__CTOR_END__, ABSOLUTE (.))
                [!provide]                        PROVIDE (__DTOR_LIST__, ABSOLUTE (.))
 *(.dtors)
 *(SORT(.dtors.*))
                [!provide]                        PROVIDE (__DTOR_END__, ABSOLUTE (.))
 *(.jcr)
                0x0000000000011920                . = ALIGN (0x4)

.rodata         0x0000000000011920       0x44
                0x0000000000011920                PROVIDE (__ram_rodata_start, ABSOLUTE (.))
                0x0000000000011920                . = ALIGN (0x4)
 *(.rodata .rodata.* .gnu.linkonce.r.*)
 .rodata.str1.4
                0x0000000000011920       0x15 obj/default/hello_world_small.o
 *fill*         0x0000000000011935        0x3 
 .rodata.str1.4
                0x0000000000011938        0xc ../printing_bsp/\libhal_bsp.a(alt_sys_init.o)
                                          0xb (size before relaxing)
 .rodata        0x0000000000011944       0x20 ../printing_bsp/\libhal_bsp.a(altera_vic_irq_init.o)
 *(.rodata1)
                0x0000000000011964                . = ALIGN (0x4)
                0x0000000000011964                PROVIDE (__ram_rodata_end, ABSOLUTE (.))
                0x0000000000011920                PROVIDE (__flash_rodata_start, LOADADDR (.rodata))

.rwdata         0x0000000000011964       0xe4 load address 0x0000000000011a48
                0x0000000000011964                PROVIDE (__ram_rwdata_start, ABSOLUTE (.))
                0x0000000000011964                . = ALIGN (0x4)
 *(.got.plt)
 *(.got)
 *(.data1)
 *(.data .data.* .gnu.linkonce.d.*)
 .data          0x0000000000011964        0x0 ../printing_bsp//obj/HAL/src/crt0.o
 .data          0x0000000000011964        0x0 obj/default/hello_world_small.o
 .data          0x0000000000011964        0x0 ../printing_bsp/\libhal_bsp.a(alt_load.o)
 .data          0x0000000000011964        0x0 ../printing_bsp/\libhal_bsp.a(alt_main.o)
 .data          0x0000000000011964        0x0 ../printing_bsp/\libhal_bsp.a(alt_putstr.o)
 .data          0x0000000000011964       0xd4 ../printing_bsp/\libhal_bsp.a(alt_sys_init.o)
 .data          0x0000000000011a38        0x0 ../printing_bsp/\libhal_bsp.a(altera_avalon_i2c.o)
 .data          0x0000000000011a38        0x0 ../printing_bsp/\libhal_bsp.a(altera_avalon_jtag_uart_write.o)
 .data          0x0000000000011a38        0x0 ../printing_bsp/\libhal_bsp.a(altera_vic_0_vector_tbl.o)
 .data          0x0000000000011a38        0x0 ../printing_bsp/\libhal_bsp.a(altera_vic_funnel_non_preemptive.o)
 .data          0x0000000000011a38        0x0 ../printing_bsp/\libhal_bsp.a(altera_vic_irq_init.o)
 .data          0x0000000000011a38        0x0 ../printing_bsp/\libhal_bsp.a(altera_vic_isr_register.o)
 .data          0x0000000000011a38        0x0 ../printing_bsp/\libhal_bsp.a(alt_busy_sleep.o)
 .data          0x0000000000011a38        0x0 ../printing_bsp/\libhal_bsp.a(alt_dcache_flush_all.o)
 .data          0x0000000000011a38        0x0 ../printing_bsp/\libhal_bsp.a(alt_dev_llist_insert.o)
 .data          0x0000000000011a38        0x0 ../printing_bsp/\libhal_bsp.a(alt_errno.o)
 .data          0x0000000000011a38        0x0 ../printing_bsp/\libhal_bsp.a(alt_find_dev.o)
 .data          0x0000000000011a38        0x0 ../printing_bsp/\libhal_bsp.a(alt_icache_flush_all.o)
 .data          0x0000000000011a38        0x0 ../printing_bsp/\libhal_bsp.a(alt_icache_flush.o)
 .data          0x0000000000011a38        0x0 d:/intelfpga_lite/18.1/nios2eds/bin/gnu/h-x86_64-mingw32/bin/../lib/gcc/nios2-elf/5.3.0/../../../../../H-x86_64-mingw32/nios2-elf/lib\libsmallc.a(lib_a-int_errno.o)
 .data          0x0000000000011a38        0x0 d:/intelfpga_lite/18.1/nios2eds/bin/gnu/h-x86_64-mingw32/bin/../lib/gcc/nios2-elf/5.3.0/../../../../../H-x86_64-mingw32/nios2-elf/lib\libsmallc.a(lib_a-memcmp.o)
 .data          0x0000000000011a38        0x0 d:/intelfpga_lite/18.1/nios2eds/bin/gnu/h-x86_64-mingw32/bin/../lib/gcc/nios2-elf/5.3.0/../../../../../H-x86_64-mingw32/nios2-elf/lib\libsmallc.a(lib_a-strlen.o)
 .data          0x0000000000011a38        0x0 d:/intelfpga_lite/18.1/nios2eds/bin/gnu/h-x86_64-mingw32/bin/../lib/gcc/nios2-elf/5.3.0\libgcc.a(lib2-divmod.o)
                0x0000000000019a38                _gp = ABSOLUTE ((. + 0x8000))
                [!provide]                        PROVIDE (gp, _gp)
 *(.rwdata .rwdata.*)
 *(.sdata .sdata.* .gnu.linkonce.s.*)
 .sdata         0x0000000000011a38        0x4 ../printing_bsp/\libhal_bsp.a(alt_sys_init.o)
                0x0000000000011a38                jtag_uart
 .sdata         0x0000000000011a3c        0x8 ../printing_bsp/\libhal_bsp.a(altera_avalon_i2c.o)
                0x0000000000011a3c                alt_avalon_i2c_list
 .sdata         0x0000000000011a44        0x4 ../printing_bsp/\libhal_bsp.a(alt_errno.o)
                0x0000000000011a44                alt_errno
 *(.sdata2 .sdata2.* .gnu.linkonce.s2.*)
                0x0000000000011a48                . = ALIGN (0x4)
                0x0000000000011a48                _edata = ABSOLUTE (.)
                [!provide]                        PROVIDE (edata, ABSOLUTE (.))
                0x0000000000011a48                PROVIDE (__ram_rwdata_end, ABSOLUTE (.))
                0x0000000000011a48                PROVIDE (__flash_rwdata_start, LOADADDR (.rwdata))

.bss            0x0000000000011b2c       0x14
                0x0000000000011b2c                __bss_start = ABSOLUTE (.)
                [!provide]                        PROVIDE (__sbss_start, ABSOLUTE (.))
                [!provide]                        PROVIDE (___sbss_start, ABSOLUTE (.))
 *(.dynsbss)
 *(.sbss .sbss.* .gnu.linkonce.sb.*)
 .sbss          0x0000000000011b2c        0xc ../printing_bsp/\libhal_bsp.a(alt_main.o)
                0x0000000000011b2c                alt_envp
                0x0000000000011b30                alt_argv
                0x0000000000011b34                alt_argc
 .sbss          0x0000000000011b38        0x4 ../printing_bsp/\libhal_bsp.a(altera_vic_irq_init.o)
                0x0000000000011b38                alt_vic_dev_list
 .sbss          0x0000000000011b3c        0x4 d:/intelfpga_lite/18.1/nios2eds/bin/gnu/h-x86_64-mingw32/bin/../lib/gcc/nios2-elf/5.3.0/../../../../../H-x86_64-mingw32/nios2-elf/lib\libsmallc.a(lib_a-int_errno.o)
                0x0000000000011b3c                errno
 *(.sbss2 .sbss2.* .gnu.linkonce.sb2.*)
 *(.scommon)
                [!provide]                        PROVIDE (__sbss_end, ABSOLUTE (.))
                [!provide]                        PROVIDE (___sbss_end, ABSOLUTE (.))
 *(.dynbss)
 *(.bss .bss.* .gnu.linkonce.b.*)
 .bss           0x0000000000011b40        0x0 ../printing_bsp//obj/HAL/src/crt0.o
 .bss           0x0000000000011b40        0x0 obj/default/hello_world_small.o
 .bss           0x0000000000011b40        0x0 ../printing_bsp/\libhal_bsp.a(alt_load.o)
 .bss           0x0000000000011b40        0x0 ../printing_bsp/\libhal_bsp.a(alt_main.o)
 .bss           0x0000000000011b40        0x0 ../printing_bsp/\libhal_bsp.a(alt_putstr.o)
 .bss           0x0000000000011b40        0x0 ../printing_bsp/\libhal_bsp.a(alt_sys_init.o)
 .bss           0x0000000000011b40        0x0 ../printing_bsp/\libhal_bsp.a(altera_avalon_i2c.o)
 .bss           0x0000000000011b40        0x0 ../printing_bsp/\libhal_bsp.a(altera_avalon_jtag_uart_write.o)
 .bss           0x0000000000011b40        0x0 ../printing_bsp/\libhal_bsp.a(altera_vic_0_vector_tbl.o)
 .bss           0x0000000000011b40        0x0 ../printing_bsp/\libhal_bsp.a(altera_vic_funnel_non_preemptive.o)
 .bss           0x0000000000011b40        0x0 ../printing_bsp/\libhal_bsp.a(altera_vic_irq_init.o)
 .bss           0x0000000000011b40        0x0 ../printing_bsp/\libhal_bsp.a(altera_vic_isr_register.o)
 .bss           0x0000000000011b40        0x0 ../printing_bsp/\libhal_bsp.a(alt_busy_sleep.o)
 .bss           0x0000000000011b40        0x0 ../printing_bsp/\libhal_bsp.a(alt_dcache_flush_all.o)
 .bss           0x0000000000011b40        0x0 ../printing_bsp/\libhal_bsp.a(alt_dev_llist_insert.o)
 .bss           0x0000000000011b40        0x0 ../printing_bsp/\libhal_bsp.a(alt_errno.o)
 .bss           0x0000000000011b40        0x0 ../printing_bsp/\libhal_bsp.a(alt_find_dev.o)
 .bss           0x0000000000011b40        0x0 ../printing_bsp/\libhal_bsp.a(alt_icache_flush_all.o)
 .bss           0x0000000000011b40        0x0 ../printing_bsp/\libhal_bsp.a(alt_icache_flush.o)
 .bss           0x0000000000011b40        0x0 d:/intelfpga_lite/18.1/nios2eds/bin/gnu/h-x86_64-mingw32/bin/../lib/gcc/nios2-elf/5.3.0/../../../../../H-x86_64-mingw32/nios2-elf/lib\libsmallc.a(lib_a-int_errno.o)
 .bss           0x0000000000011b40        0x0 d:/intelfpga_lite/18.1/nios2eds/bin/gnu/h-x86_64-mingw32/bin/../lib/gcc/nios2-elf/5.3.0/../../../../../H-x86_64-mingw32/nios2-elf/lib\libsmallc.a(lib_a-memcmp.o)
 .bss           0x0000000000011b40        0x0 d:/intelfpga_lite/18.1/nios2eds/bin/gnu/h-x86_64-mingw32/bin/../lib/gcc/nios2-elf/5.3.0/../../../../../H-x86_64-mingw32/nios2-elf/lib\libsmallc.a(lib_a-strlen.o)
 .bss           0x0000000000011b40        0x0 d:/intelfpga_lite/18.1/nios2eds/bin/gnu/h-x86_64-mingw32/bin/../lib/gcc/nios2-elf/5.3.0\libgcc.a(lib2-divmod.o)
 *(COMMON)
                0x0000000000011b40                . = ALIGN (0x4)
                0x0000000000011b40                __bss_end = ABSOLUTE (.)

.onchip_memory  0x0000000000011b40        0x0
                [!provide]                        PROVIDE (_alt_partition_onchip_memory_start, ABSOLUTE (.))
 *(.onchip_memory .onchip_memory. onchip_memory.*)
                0x0000000000011b40                . = ALIGN (0x4)
                [!provide]                        PROVIDE (_alt_partition_onchip_memory_end, ABSOLUTE (.))
                0x0000000000011b40                _end = ABSOLUTE (.)
                0x0000000000011b40                end = ABSOLUTE (.)
                0x0000000000011b40                __alt_stack_base = ABSOLUTE (.)
                [!provide]                        PROVIDE (_alt_partition_onchip_memory_load_addr, LOADADDR (.onchip_memory))

.stab
 *(.stab)

.stabstr
 *(.stabstr)

.stab.excl
 *(.stab.excl)

.stab.exclstr
 *(.stab.exclstr)

.stab.index
 *(.stab.index)

.stab.indexstr
 *(.stab.indexstr)

.comment        0x0000000000000000       0x23
 *(.comment)
 .comment       0x0000000000000000       0x23 obj/default/hello_world_small.o
                                         0x24 (size before relaxing)
 .comment       0x0000000000000023       0x24 ../printing_bsp/\libhal_bsp.a(alt_load.o)
 .comment       0x0000000000000023       0x24 ../printing_bsp/\libhal_bsp.a(alt_main.o)
 .comment       0x0000000000000023       0x24 ../printing_bsp/\libhal_bsp.a(alt_putstr.o)
 .comment       0x0000000000000023       0x24 ../printing_bsp/\libhal_bsp.a(alt_sys_init.o)
 .comment       0x0000000000000023       0x24 ../printing_bsp/\libhal_bsp.a(altera_avalon_i2c.o)
 .comment       0x0000000000000023       0x24 ../printing_bsp/\libhal_bsp.a(altera_avalon_jtag_uart_write.o)
 .comment       0x0000000000000023       0x24 ../printing_bsp/\libhal_bsp.a(altera_vic_irq_init.o)
 .comment       0x0000000000000023       0x24 ../printing_bsp/\libhal_bsp.a(altera_vic_isr_register.o)
 .comment       0x0000000000000023       0x24 ../printing_bsp/\libhal_bsp.a(alt_busy_sleep.o)
 .comment       0x0000000000000023       0x24 ../printing_bsp/\libhal_bsp.a(alt_dcache_flush_all.o)
 .comment       0x0000000000000023       0x24 ../printing_bsp/\libhal_bsp.a(alt_dev_llist_insert.o)
 .comment       0x0000000000000023       0x24 ../printing_bsp/\libhal_bsp.a(alt_errno.o)
 .comment       0x0000000000000023       0x24 ../printing_bsp/\libhal_bsp.a(alt_find_dev.o)
 .comment       0x0000000000000023       0x24 ../printing_bsp/\libhal_bsp.a(alt_icache_flush_all.o)
 .comment       0x0000000000000023       0x24 ../printing_bsp/\libhal_bsp.a(alt_icache_flush.o)
 .comment       0x0000000000000023       0x24 d:/intelfpga_lite/18.1/nios2eds/bin/gnu/h-x86_64-mingw32/bin/../lib/gcc/nios2-elf/5.3.0/../../../../../H-x86_64-mingw32/nios2-elf/lib\libsmallc.a(lib_a-int_errno.o)
 .comment       0x0000000000000023       0x24 d:/intelfpga_lite/18.1/nios2eds/bin/gnu/h-x86_64-mingw32/bin/../lib/gcc/nios2-elf/5.3.0/../../../../../H-x86_64-mingw32/nios2-elf/lib\libsmallc.a(lib_a-memcmp.o)
 .comment       0x0000000000000023       0x24 d:/intelfpga_lite/18.1/nios2eds/bin/gnu/h-x86_64-mingw32/bin/../lib/gcc/nios2-elf/5.3.0/../../../../../H-x86_64-mingw32/nios2-elf/lib\libsmallc.a(lib_a-strlen.o)
 .comment       0x0000000000000023       0x24 d:/intelfpga_lite/18.1/nios2eds/bin/gnu/h-x86_64-mingw32/bin/../lib/gcc/nios2-elf/5.3.0\libgcc.a(lib2-divmod.o)

.debug
 *(.debug)

.line
 *(.line)

.debug_srcinfo
 *(.debug_srcinfo)

.debug_sfnames
 *(.debug_sfnames)

.debug_aranges  0x0000000000000000      0x2d8
 *(.debug_aranges)
 .debug_aranges
                0x0000000000000000       0x28 ../printing_bsp//obj/HAL/src/crt0.o
 .debug_aranges
                0x0000000000000028       0x20 obj/default/hello_world_small.o
 .debug_aranges
                0x0000000000000048       0x20 ../printing_bsp/\libhal_bsp.a(alt_load.o)
 .debug_aranges
                0x0000000000000068       0x20 ../printing_bsp/\libhal_bsp.a(alt_main.o)
 .debug_aranges
                0x0000000000000088       0x20 ../printing_bsp/\libhal_bsp.a(alt_putstr.o)
 .debug_aranges
                0x00000000000000a8       0x20 ../printing_bsp/\libhal_bsp.a(alt_sys_init.o)
 .debug_aranges
                0x00000000000000c8       0x20 ../printing_bsp/\libhal_bsp.a(altera_avalon_i2c.o)
 .debug_aranges
                0x00000000000000e8       0x20 ../printing_bsp/\libhal_bsp.a(altera_avalon_jtag_uart_write.o)
 .debug_aranges
                0x0000000000000108       0x20 ../printing_bsp/\libhal_bsp.a(altera_vic_0_vector_tbl.o)
 .debug_aranges
                0x0000000000000128       0x20 ../printing_bsp/\libhal_bsp.a(altera_vic_funnel_non_preemptive.o)
 .debug_aranges
                0x0000000000000148       0x20 ../printing_bsp/\libhal_bsp.a(altera_vic_irq_init.o)
 .debug_aranges
                0x0000000000000168       0x20 ../printing_bsp/\libhal_bsp.a(altera_vic_isr_register.o)
 .debug_aranges
                0x0000000000000188       0x20 ../printing_bsp/\libhal_bsp.a(alt_busy_sleep.o)
 .debug_aranges
                0x00000000000001a8       0x20 ../printing_bsp/\libhal_bsp.a(alt_dcache_flush_all.o)
 .debug_aranges
                0x00000000000001c8       0x20 ../printing_bsp/\libhal_bsp.a(alt_dev_llist_insert.o)
 .debug_aranges
                0x00000000000001e8       0x18 ../printing_bsp/\libhal_bsp.a(alt_errno.o)
 .debug_aranges
                0x0000000000000200       0x20 ../printing_bsp/\libhal_bsp.a(alt_find_dev.o)
 .debug_aranges
                0x0000000000000220       0x20 ../printing_bsp/\libhal_bsp.a(alt_icache_flush_all.o)
 .debug_aranges
                0x0000000000000240       0x20 ../printing_bsp/\libhal_bsp.a(alt_icache_flush.o)
 .debug_aranges
                0x0000000000000260       0x18 d:/intelfpga_lite/18.1/nios2eds/bin/gnu/h-x86_64-mingw32/bin/../lib/gcc/nios2-elf/5.3.0/../../../../../H-x86_64-mingw32/nios2-elf/lib\libsmallc.a(lib_a-int_errno.o)
 .debug_aranges
                0x0000000000000278       0x20 d:/intelfpga_lite/18.1/nios2eds/bin/gnu/h-x86_64-mingw32/bin/../lib/gcc/nios2-elf/5.3.0/../../../../../H-x86_64-mingw32/nios2-elf/lib\libsmallc.a(lib_a-memcmp.o)
 .debug_aranges
                0x0000000000000298       0x20 d:/intelfpga_lite/18.1/nios2eds/bin/gnu/h-x86_64-mingw32/bin/../lib/gcc/nios2-elf/5.3.0/../../../../../H-x86_64-mingw32/nios2-elf/lib\libsmallc.a(lib_a-strlen.o)
 .debug_aranges
                0x00000000000002b8       0x20 d:/intelfpga_lite/18.1/nios2eds/bin/gnu/h-x86_64-mingw32/bin/../lib/gcc/nios2-elf/5.3.0\libgcc.a(lib2-divmod.o)

.debug_pubnames
 *(.debug_pubnames)

.debug_info     0x0000000000000000     0x3982
 *(.debug_info .gnu.linkonce.wi.*)
 .debug_info    0x0000000000000000       0x77 ../printing_bsp//obj/HAL/src/crt0.o
 .debug_info    0x0000000000000077       0x65 obj/default/hello_world_small.o
 .debug_info    0x00000000000000dc      0x1c9 ../printing_bsp/\libhal_bsp.a(alt_load.o)
 .debug_info    0x00000000000002a5      0x169 ../printing_bsp/\libhal_bsp.a(alt_main.o)
 .debug_info    0x000000000000040e      0x13a ../printing_bsp/\libhal_bsp.a(alt_putstr.o)
 .debug_info    0x0000000000000548      0x379 ../printing_bsp/\libhal_bsp.a(alt_sys_init.o)
 .debug_info    0x00000000000008c1     0x1c36 ../printing_bsp/\libhal_bsp.a(altera_avalon_i2c.o)
 .debug_info    0x00000000000024f7      0x197 ../printing_bsp/\libhal_bsp.a(altera_avalon_jtag_uart_write.o)
 .debug_info    0x000000000000268e       0x92 ../printing_bsp/\libhal_bsp.a(altera_vic_0_vector_tbl.o)
 .debug_info    0x0000000000002720       0x9b ../printing_bsp/\libhal_bsp.a(altera_vic_funnel_non_preemptive.o)
 .debug_info    0x00000000000027bb      0x19a ../printing_bsp/\libhal_bsp.a(altera_vic_irq_init.o)
 .debug_info    0x0000000000002955      0x286 ../printing_bsp/\libhal_bsp.a(altera_vic_isr_register.o)
 .debug_info    0x0000000000002bdb       0xd8 ../printing_bsp/\libhal_bsp.a(alt_busy_sleep.o)
 .debug_info    0x0000000000002cb3       0xa6 ../printing_bsp/\libhal_bsp.a(alt_dcache_flush_all.o)
 .debug_info    0x0000000000002d59      0x1b3 ../printing_bsp/\libhal_bsp.a(alt_dev_llist_insert.o)
 .debug_info    0x0000000000002f0c       0xa6 ../printing_bsp/\libhal_bsp.a(alt_errno.o)
 .debug_info    0x0000000000002fb2      0x32d ../printing_bsp/\libhal_bsp.a(alt_find_dev.o)
 .debug_info    0x00000000000032df       0xb8 ../printing_bsp/\libhal_bsp.a(alt_icache_flush_all.o)
 .debug_info    0x0000000000003397       0xde ../printing_bsp/\libhal_bsp.a(alt_icache_flush.o)
 .debug_info    0x0000000000003475       0x8a d:/intelfpga_lite/18.1/nios2eds/bin/gnu/h-x86_64-mingw32/bin/../lib/gcc/nios2-elf/5.3.0/../../../../../H-x86_64-mingw32/nios2-elf/lib\libsmallc.a(lib_a-int_errno.o)
 .debug_info    0x00000000000034ff       0xf4 d:/intelfpga_lite/18.1/nios2eds/bin/gnu/h-x86_64-mingw32/bin/../lib/gcc/nios2-elf/5.3.0/../../../../../H-x86_64-mingw32/nios2-elf/lib\libsmallc.a(lib_a-memcmp.o)
 .debug_info    0x00000000000035f3       0xc9 d:/intelfpga_lite/18.1/nios2eds/bin/gnu/h-x86_64-mingw32/bin/../lib/gcc/nios2-elf/5.3.0/../../../../../H-x86_64-mingw32/nios2-elf/lib\libsmallc.a(lib_a-strlen.o)
 .debug_info    0x00000000000036bc      0x2c6 d:/intelfpga_lite/18.1/nios2eds/bin/gnu/h-x86_64-mingw32/bin/../lib/gcc/nios2-elf/5.3.0\libgcc.a(lib2-divmod.o)

.debug_abbrev   0x0000000000000000     0x1310
 *(.debug_abbrev)
 .debug_abbrev  0x0000000000000000       0x12 ../printing_bsp//obj/HAL/src/crt0.o
 .debug_abbrev  0x0000000000000012       0x64 obj/default/hello_world_small.o
 .debug_abbrev  0x0000000000000076       0xd8 ../printing_bsp/\libhal_bsp.a(alt_load.o)
 .debug_abbrev  0x000000000000014e       0xee ../printing_bsp/\libhal_bsp.a(alt_main.o)
 .debug_abbrev  0x000000000000023c       0xd3 ../printing_bsp/\libhal_bsp.a(alt_putstr.o)
 .debug_abbrev  0x000000000000030f      0x16f ../printing_bsp/\libhal_bsp.a(alt_sys_init.o)
 .debug_abbrev  0x000000000000047e      0x47c ../printing_bsp/\libhal_bsp.a(altera_avalon_i2c.o)
 .debug_abbrev  0x00000000000008fa       0xd5 ../printing_bsp/\libhal_bsp.a(altera_avalon_jtag_uart_write.o)
 .debug_abbrev  0x00000000000009cf       0x14 ../printing_bsp/\libhal_bsp.a(altera_vic_0_vector_tbl.o)
 .debug_abbrev  0x00000000000009e3       0x14 ../printing_bsp/\libhal_bsp.a(altera_vic_funnel_non_preemptive.o)
 .debug_abbrev  0x00000000000009f7       0xd4 ../printing_bsp/\libhal_bsp.a(altera_vic_irq_init.o)
 .debug_abbrev  0x0000000000000acb      0x176 ../printing_bsp/\libhal_bsp.a(altera_vic_isr_register.o)
 .debug_abbrev  0x0000000000000c41       0x8d ../printing_bsp/\libhal_bsp.a(alt_busy_sleep.o)
 .debug_abbrev  0x0000000000000cce       0x5a ../printing_bsp/\libhal_bsp.a(alt_dcache_flush_all.o)
 .debug_abbrev  0x0000000000000d28      0x11c ../printing_bsp/\libhal_bsp.a(alt_dev_llist_insert.o)
 .debug_abbrev  0x0000000000000e44       0x5a ../printing_bsp/\libhal_bsp.a(alt_errno.o)
 .debug_abbrev  0x0000000000000e9e      0x125 ../printing_bsp/\libhal_bsp.a(alt_find_dev.o)
 .debug_abbrev  0x0000000000000fc3       0x6f ../printing_bsp/\libhal_bsp.a(alt_icache_flush_all.o)
 .debug_abbrev  0x0000000000001032       0x9b ../printing_bsp/\libhal_bsp.a(alt_icache_flush.o)
 .debug_abbrev  0x00000000000010cd       0x37 d:/intelfpga_lite/18.1/nios2eds/bin/gnu/h-x86_64-mingw32/bin/../lib/gcc/nios2-elf/5.3.0/../../../../../H-x86_64-mingw32/nios2-elf/lib\libsmallc.a(lib_a-int_errno.o)
 .debug_abbrev  0x0000000000001104       0x7f d:/intelfpga_lite/18.1/nios2eds/bin/gnu/h-x86_64-mingw32/bin/../lib/gcc/nios2-elf/5.3.0/../../../../../H-x86_64-mingw32/nios2-elf/lib\libsmallc.a(lib_a-memcmp.o)
 .debug_abbrev  0x0000000000001183       0x7f d:/intelfpga_lite/18.1/nios2eds/bin/gnu/h-x86_64-mingw32/bin/../lib/gcc/nios2-elf/5.3.0/../../../../../H-x86_64-mingw32/nios2-elf/lib\libsmallc.a(lib_a-strlen.o)
 .debug_abbrev  0x0000000000001202      0x10e d:/intelfpga_lite/18.1/nios2eds/bin/gnu/h-x86_64-mingw32/bin/../lib/gcc/nios2-elf/5.3.0\libgcc.a(lib2-divmod.o)

.debug_line     0x0000000000000000     0x143e
 *(.debug_line)
 .debug_line    0x0000000000000000       0x87 ../printing_bsp//obj/HAL/src/crt0.o
 .debug_line    0x0000000000000087       0x75 obj/default/hello_world_small.o
 .debug_line    0x00000000000000fc       0xa4 ../printing_bsp/\libhal_bsp.a(alt_load.o)
 .debug_line    0x00000000000001a0       0xbd ../printing_bsp/\libhal_bsp.a(alt_main.o)
 .debug_line    0x000000000000025d       0xa0 ../printing_bsp/\libhal_bsp.a(alt_putstr.o)
 .debug_line    0x00000000000002fd      0x131 ../printing_bsp/\libhal_bsp.a(alt_sys_init.o)
 .debug_line    0x000000000000042e      0x49d ../printing_bsp/\libhal_bsp.a(altera_avalon_i2c.o)
 .debug_line    0x00000000000008cb       0xf0 ../printing_bsp/\libhal_bsp.a(altera_avalon_jtag_uart_write.o)
 .debug_line    0x00000000000009bb       0x5c ../printing_bsp/\libhal_bsp.a(altera_vic_0_vector_tbl.o)
 .debug_line    0x0000000000000a17       0x67 ../printing_bsp/\libhal_bsp.a(altera_vic_funnel_non_preemptive.o)
 .debug_line    0x0000000000000a7e       0xb3 ../printing_bsp/\libhal_bsp.a(altera_vic_irq_init.o)
 .debug_line    0x0000000000000b31       0xd1 ../printing_bsp/\libhal_bsp.a(altera_vic_isr_register.o)
 .debug_line    0x0000000000000c02       0xb3 ../printing_bsp/\libhal_bsp.a(alt_busy_sleep.o)
 .debug_line    0x0000000000000cb5       0x5a ../printing_bsp/\libhal_bsp.a(alt_dcache_flush_all.o)
 .debug_line    0x0000000000000d0f       0xd8 ../printing_bsp/\libhal_bsp.a(alt_dev_llist_insert.o)
 .debug_line    0x0000000000000de7       0x51 ../printing_bsp/\libhal_bsp.a(alt_errno.o)
 .debug_line    0x0000000000000e38      0x107 ../printing_bsp/\libhal_bsp.a(alt_find_dev.o)
 .debug_line    0x0000000000000f3f       0x6e ../printing_bsp/\libhal_bsp.a(alt_icache_flush_all.o)
 .debug_line    0x0000000000000fad       0x7d ../printing_bsp/\libhal_bsp.a(alt_icache_flush.o)
 .debug_line    0x000000000000102a       0x5c d:/intelfpga_lite/18.1/nios2eds/bin/gnu/h-x86_64-mingw32/bin/../lib/gcc/nios2-elf/5.3.0/../../../../../H-x86_64-mingw32/nios2-elf/lib\libsmallc.a(lib_a-int_errno.o)
 .debug_line    0x0000000000001086      0x15d d:/intelfpga_lite/18.1/nios2eds/bin/gnu/h-x86_64-mingw32/bin/../lib/gcc/nios2-elf/5.3.0/../../../../../H-x86_64-mingw32/nios2-elf/lib\libsmallc.a(lib_a-memcmp.o)
 .debug_line    0x00000000000011e3      0x159 d:/intelfpga_lite/18.1/nios2eds/bin/gnu/h-x86_64-mingw32/bin/../lib/gcc/nios2-elf/5.3.0/../../../../../H-x86_64-mingw32/nios2-elf/lib\libsmallc.a(lib_a-strlen.o)
 .debug_line    0x000000000000133c      0x102 d:/intelfpga_lite/18.1/nios2eds/bin/gnu/h-x86_64-mingw32/bin/../lib/gcc/nios2-elf/5.3.0\libgcc.a(lib2-divmod.o)

.debug_frame    0x0000000000000000      0x7a0
 *(.debug_frame)
 .debug_frame   0x0000000000000000       0x28 obj/default/hello_world_small.o
 .debug_frame   0x0000000000000028       0x30 ../printing_bsp/\libhal_bsp.a(alt_load.o)
 .debug_frame   0x0000000000000058       0x2c ../printing_bsp/\libhal_bsp.a(alt_main.o)
 .debug_frame   0x0000000000000084       0x30 ../printing_bsp/\libhal_bsp.a(alt_putstr.o)
 .debug_frame   0x00000000000000b4       0x3c ../printing_bsp/\libhal_bsp.a(alt_sys_init.o)
 .debug_frame   0x00000000000000f0      0x4c8 ../printing_bsp/\libhal_bsp.a(altera_avalon_i2c.o)
 .debug_frame   0x00000000000005b8       0x20 ../printing_bsp/\libhal_bsp.a(altera_avalon_jtag_uart_write.o)
 .debug_frame   0x00000000000005d8       0x20 ../printing_bsp/\libhal_bsp.a(altera_vic_irq_init.o)
 .debug_frame   0x00000000000005f8       0x20 ../printing_bsp/\libhal_bsp.a(altera_vic_isr_register.o)
 .debug_frame   0x0000000000000618       0x30 ../printing_bsp/\libhal_bsp.a(alt_busy_sleep.o)
 .debug_frame   0x0000000000000648       0x20 ../printing_bsp/\libhal_bsp.a(alt_dcache_flush_all.o)
 .debug_frame   0x0000000000000668       0x2c ../printing_bsp/\libhal_bsp.a(alt_dev_llist_insert.o)
 .debug_frame   0x0000000000000694       0x3c ../printing_bsp/\libhal_bsp.a(alt_find_dev.o)
 .debug_frame   0x00000000000006d0       0x20 ../printing_bsp/\libhal_bsp.a(alt_icache_flush_all.o)
 .debug_frame   0x00000000000006f0       0x20 ../printing_bsp/\libhal_bsp.a(alt_icache_flush.o)
 .debug_frame   0x0000000000000710       0x20 d:/intelfpga_lite/18.1/nios2eds/bin/gnu/h-x86_64-mingw32/bin/../lib/gcc/nios2-elf/5.3.0/../../../../../H-x86_64-mingw32/nios2-elf/lib\libsmallc.a(lib_a-memcmp.o)
 .debug_frame   0x0000000000000730       0x20 d:/intelfpga_lite/18.1/nios2eds/bin/gnu/h-x86_64-mingw32/bin/../lib/gcc/nios2-elf/5.3.0/../../../../../H-x86_64-mingw32/nios2-elf/lib\libsmallc.a(lib_a-strlen.o)
 .debug_frame   0x0000000000000750       0x50 d:/intelfpga_lite/18.1/nios2eds/bin/gnu/h-x86_64-mingw32/bin/../lib/gcc/nios2-elf/5.3.0\libgcc.a(lib2-divmod.o)

.debug_str      0x0000000000000000     0x158f
 *(.debug_str)
 .debug_str     0x0000000000000000       0xa7 obj/default/hello_world_small.o
                                         0xac (size before relaxing)
 .debug_str     0x00000000000000a7      0x209 ../printing_bsp/\libhal_bsp.a(alt_load.o)
                                        0x242 (size before relaxing)
 .debug_str     0x00000000000002b0       0x8f ../printing_bsp/\libhal_bsp.a(alt_main.o)
                                        0x1bb (size before relaxing)
 .debug_str     0x000000000000033f       0x64 ../printing_bsp/\libhal_bsp.a(alt_putstr.o)
                                        0x196 (size before relaxing)
 .debug_str     0x00000000000003a3      0x27e ../printing_bsp/\libhal_bsp.a(alt_sys_init.o)
                                        0x436 (size before relaxing)
 .debug_str     0x0000000000000621      0x9bb ../printing_bsp/\libhal_bsp.a(altera_avalon_i2c.o)
                                        0xcdb (size before relaxing)
 .debug_str     0x0000000000000fdc       0x32 ../printing_bsp/\libhal_bsp.a(altera_avalon_jtag_uart_write.o)
                                        0x21b (size before relaxing)
 .debug_str     0x000000000000100e       0x47 ../printing_bsp/\libhal_bsp.a(altera_vic_irq_init.o)
                                        0x1ff (size before relaxing)
 .debug_str     0x0000000000001055       0x4c ../printing_bsp/\libhal_bsp.a(altera_vic_isr_register.o)
                                        0x269 (size before relaxing)
 .debug_str     0x00000000000010a1       0x33 ../printing_bsp/\libhal_bsp.a(alt_busy_sleep.o)
                                        0x171 (size before relaxing)
 .debug_str     0x00000000000010d4       0x1f ../printing_bsp/\libhal_bsp.a(alt_dcache_flush_all.o)
                                        0x15b (size before relaxing)
 .debug_str     0x00000000000010f3       0x44 ../printing_bsp/\libhal_bsp.a(alt_dev_llist_insert.o)
                                        0x1d2 (size before relaxing)
 .debug_str     0x0000000000001137       0x14 ../printing_bsp/\libhal_bsp.a(alt_errno.o)
                                        0x14b (size before relaxing)
 .debug_str     0x000000000000114b       0x6d ../printing_bsp/\libhal_bsp.a(alt_find_dev.o)
                                        0x200 (size before relaxing)
 .debug_str     0x00000000000011b8       0x30 ../printing_bsp/\libhal_bsp.a(alt_icache_flush_all.o)
                                        0x16c (size before relaxing)
 .debug_str     0x00000000000011e8       0x1b ../printing_bsp/\libhal_bsp.a(alt_icache_flush.o)
                                        0x161 (size before relaxing)
 .debug_str     0x0000000000001203      0x11a d:/intelfpga_lite/18.1/nios2eds/bin/gnu/h-x86_64-mingw32/bin/../lib/gcc/nios2-elf/5.3.0/../../../../../H-x86_64-mingw32/nios2-elf/lib\libsmallc.a(lib_a-int_errno.o)
                                        0x1be (size before relaxing)
 .debug_str     0x000000000000131d       0xcb d:/intelfpga_lite/18.1/nios2eds/bin/gnu/h-x86_64-mingw32/bin/../lib/gcc/nios2-elf/5.3.0/../../../../../H-x86_64-mingw32/nios2-elf/lib\libsmallc.a(lib_a-memcmp.o)
                                        0x1c5 (size before relaxing)
 .debug_str     0x00000000000013e8       0x3a d:/intelfpga_lite/18.1/nios2eds/bin/gnu/h-x86_64-mingw32/bin/../lib/gcc/nios2-elf/5.3.0/../../../../../H-x86_64-mingw32/nios2-elf/lib\libsmallc.a(lib_a-strlen.o)
                                        0x1cb (size before relaxing)
 .debug_str     0x0000000000001422      0x16d d:/intelfpga_lite/18.1/nios2eds/bin/gnu/h-x86_64-mingw32/bin/../lib/gcc/nios2-elf/5.3.0\libgcc.a(lib2-divmod.o)
                                        0x1b8 (size before relaxing)

.debug_loc      0x0000000000000000     0x1db4
 *(.debug_loc)
 .debug_loc     0x0000000000000000       0x37 ../printing_bsp/\libhal_bsp.a(alt_putstr.o)
 .debug_loc     0x0000000000000037       0x21 ../printing_bsp/\libhal_bsp.a(alt_sys_init.o)
 .debug_loc     0x0000000000000058     0x1492 ../printing_bsp/\libhal_bsp.a(altera_avalon_i2c.o)
 .debug_loc     0x00000000000014ea       0x8b ../printing_bsp/\libhal_bsp.a(altera_avalon_jtag_uart_write.o)
 .debug_loc     0x0000000000001575       0x35 ../printing_bsp/\libhal_bsp.a(altera_vic_irq_init.o)
 .debug_loc     0x00000000000015aa       0xa8 ../printing_bsp/\libhal_bsp.a(altera_vic_isr_register.o)
 .debug_loc     0x0000000000001652       0x75 ../printing_bsp/\libhal_bsp.a(alt_busy_sleep.o)
 .debug_loc     0x00000000000016c7       0x1f ../printing_bsp/\libhal_bsp.a(alt_dcache_flush_all.o)
 .debug_loc     0x00000000000016e6       0x7e ../printing_bsp/\libhal_bsp.a(alt_dev_llist_insert.o)
 .debug_loc     0x0000000000001764       0x7e ../printing_bsp/\libhal_bsp.a(alt_find_dev.o)
 .debug_loc     0x00000000000017e2       0x52 ../printing_bsp/\libhal_bsp.a(alt_icache_flush.o)
 .debug_loc     0x0000000000001834       0x94 d:/intelfpga_lite/18.1/nios2eds/bin/gnu/h-x86_64-mingw32/bin/../lib/gcc/nios2-elf/5.3.0/../../../../../H-x86_64-mingw32/nios2-elf/lib\libsmallc.a(lib_a-memcmp.o)
 .debug_loc     0x00000000000018c8       0x1e d:/intelfpga_lite/18.1/nios2eds/bin/gnu/h-x86_64-mingw32/bin/../lib/gcc/nios2-elf/5.3.0/../../../../../H-x86_64-mingw32/nios2-elf/lib\libsmallc.a(lib_a-strlen.o)
 .debug_loc     0x00000000000018e6      0x4ce d:/intelfpga_lite/18.1/nios2eds/bin/gnu/h-x86_64-mingw32/bin/../lib/gcc/nios2-elf/5.3.0\libgcc.a(lib2-divmod.o)

.debug_macinfo
 *(.debug_macinfo)

.debug_weaknames
 *(.debug_weaknames)

.debug_funcnames
 *(.debug_funcnames)

.debug_typenames
 *(.debug_typenames)

.debug_varnames
 *(.debug_varnames)

.debug_alt_sim_info
                0x0000000000000000       0x60
 *(.debug_alt_sim_info)
 .debug_alt_sim_info
                0x0000000000000000       0x30 ../printing_bsp//obj/HAL/src/crt0.o
 .debug_alt_sim_info
                0x0000000000000030       0x30 ../printing_bsp/\libhal_bsp.a(alt_busy_sleep.o)
                0x0000000000020000                __alt_data_end = 0x20000
                0x0000000000020000                PROVIDE (__alt_stack_pointer, __alt_data_end)
                [!provide]                        PROVIDE (__alt_stack_limit, __alt_stack_base)
                [!provide]                        PROVIDE (__alt_heap_start, end)
                [!provide]                        PROVIDE (__alt_heap_limit, 0x20000)
OUTPUT(printing.elf elf32-littlenios2)

.debug_ranges   0x0000000000000000      0x180
 .debug_ranges  0x0000000000000000       0x20 ../printing_bsp//obj/HAL/src/crt0.o
 .debug_ranges  0x0000000000000020       0x10 obj/default/hello_world_small.o
 .debug_ranges  0x0000000000000030       0x48 ../printing_bsp/\libhal_bsp.a(alt_load.o)
 .debug_ranges  0x0000000000000078       0x58 ../printing_bsp/\libhal_bsp.a(altera_avalon_i2c.o)
 .debug_ranges  0x00000000000000d0       0x20 ../printing_bsp/\libhal_bsp.a(alt_dev_llist_insert.o)
 .debug_ranges  0x00000000000000f0       0x10 ../printing_bsp/\libhal_bsp.a(alt_icache_flush.o)
 .debug_ranges  0x0000000000000100       0x10 d:/intelfpga_lite/18.1/nios2eds/bin/gnu/h-x86_64-mingw32/bin/../lib/gcc/nios2-elf/5.3.0/../../../../../H-x86_64-mingw32/nios2-elf/lib\libsmallc.a(lib_a-memcmp.o)
 .debug_ranges  0x0000000000000110       0x10 d:/intelfpga_lite/18.1/nios2eds/bin/gnu/h-x86_64-mingw32/bin/../lib/gcc/nios2-elf/5.3.0/../../../../../H-x86_64-mingw32/nios2-elf/lib\libsmallc.a(lib_a-strlen.o)
 .debug_ranges  0x0000000000000120       0x60 d:/intelfpga_lite/18.1/nios2eds/bin/gnu/h-x86_64-mingw32/bin/../lib/gcc/nios2-elf/5.3.0\libgcc.a(lib2-divmod.o)
